2026-03-02 23:56:50 Job #3: starting stage
No XML files found in /home/alshaya/POS_Visa_Automation/incoming/new
2026-03-02 23:56:50 Stage finished rc=0
2026-03-02 23:56:50 Job #3: starting ansible

PLAY [Deploy VISA XML as MarshalPOS.XML and reboot if changed] *******************************************************************************************************************************************************************************

TASK [Discover MAC address on POS (eno1)] ****************************************************************************************************************************************************************************************************
/home/alshaya/.pyenv/versions/3.6.15/lib/python3.6/site-packages/ansible/parsing/vault/__init__.py:44: CryptographyDeprecationWarning: Python 3.6 is no longer supported by the Python core team. Therefore, support for it is deprecated in cryptography. The next release of cryptography will remove support for Python 3.6.
  from cryptography.exceptions import InvalidSignature
[WARNING]: Platform linux on host pos-001 is using the discovered Python interpreter at /usr/bin/python, but future installation of another Python interpreter could change this. See
https://docs.ansible.com/ansible/2.9/reference_appendices/interpreter_discovery.html for more information.
ok: [pos-001]

TASK [Normalize MAC] *************************************************************************************************************************************************************************************************************************
ok: [pos-001]

TASK [Ensure staged XML exists on controller] ************************************************************************************************************************************************************************************************
ok: [pos-001 -> localhost]

TASK [Fail if bank XML missing for this POS] *************************************************************************************************************************************************************************************************
skipping: [pos-001]

TASK [Ensure destination directory exists on POS] ********************************************************************************************************************************************************************************************
ok: [pos-001]

TASK [Check if current config exists on POS] *************************************************************************************************************************************************************************************************
ok: [pos-001]

TASK [Backup current file to controller (fetch)] *********************************************************************************************************************************************************************************************
ok: [pos-001]

TASK [Deploy XML as MarshalPOS.XML] **********************************************************************************************************************************************************************************************************
ok: [pos-001]

TASK [Set owner to epos] *********************************************************************************************************************************************************************************************************************
skipping: [pos-001]

TASK [Initiate reboot] ***********************************************************************************************************************************************************************************************************************
skipping: [pos-001]

TASK [Wait for POS to be reachable after reboot] *********************************************************************************************************************************************************************************************
skipping: [pos-001]

TASK [Summary] *******************************************************************************************************************************************************************************************************************************
ok: [pos-001] => {
    "msg": "pos-001 (MAC 242FFA140FC9) → /var/epos/bin/MarshalPOS.XML changed=False"
}

PLAY RECAP ***********************************************************************************************************************************************************************************************************************************
pos-001                    : ok=8    changed=0    unreachable=0    failed=0    skipped=4    rescued=0    ignored=0   

2026-03-02 23:56:56 Ansible finished rc=0
